[dropmusk.ug/index.html]
[backblue.gif]
[fade.gif]
[index.html]
[i.imgur.com/iQ523N0.jpg]
[dropmusk.ug/files/m2.css]
[cdn-images-1.medium.com/fit/c/304/304/1_8I-HPL0bfoIzGied-dzOvA.png]
[cdn-images-1.medium.com/fit/c/240/240/1_8I-HPL0bfoIzGied-dzOvA.png]
[cdn-images-1.medium.com/fit/c/152/152/1_8I-HPL0bfoIzGied-dzOvA.png]
[dropmusk.ug/files/main-branding-base.css]
[cdn-images-1.medium.com/fit/c/120/120/1_8I-HPL0bfoIzGied-dzOvA.png]
[cdn-images-1.medium.com/max/1600/1_UHb2HozobNe2uMS7q2Iz5Q.png]
[dropmusk.ug/files/ava1.jpg]
[dropmusk.ug/files/1_2HOTxT2gWf8GVaeYYG6TWQ.jpg]
[dropmusk.ug/files/1__FB-MBhCP6dUlQVJalt8Cw.jpg]
[dropmusk.ug/files/0_xWNCv9gALD3YGOwB.png]
[dropmusk.ug/files/0_nl3cCLoFQlkX2dwt.jpg]
[dropmusk.ug/files/1UHb2HozobNe2uMS7q2Iz5Q.png.jpg]
[cdn-images-1.medium.com/max/800/1_UHb2HozobNe2uMS7q2Iz5Q.png]
[dropmusk.ug/btc/index.html]
[dropmusk.ug/eth/index.html]
[randomuser.me/api/portraits/men/74.jpg]
[dropmusk.ug/cdn-cgi/scripts/5c5dd728/cloudflare-static/email-decode.min.js]
[randomuser.me/api/portraits/women/44.jpg]
[randomuser.me/api/portraits/women/90.jpg]
[randomuser.me/api/portraits/men/46.jpg]
[dropmusk.ug/index.html]
[dropmusk.ug/files/m2.css]
[cdn-static-1.medium.com/_/fp/img/payments/credit-card-sprite.aNIJTodZTkf86-MUkQX7Xw.png]
[dropmusk.ug/files/main-branding-base.css]
[www.teslaevent.org/files/0_jTL6h8JXKd29jdTx.html]
[www.teslaevent.org/files/1_U3yrRtqWkn2cCwLnYCxN-w.html]
[www.teslaevent.org/files/1_U3yrRtqWkn2cCwLnYCxN-w1.html]
[www.teslaevent.org/_https_/cdn-images-1.medium.com/fit/c/267/80/1_W3NAlwQT1bOtU5fmLkSsAw.html]
[www.teslaevent.org/_https_/cdn-images-1.medium.com/fit/c/267/80/1_Cdg08ju32T26LsY8pOboiQ.html]
[www.teslaevent.org/_https_/cdn-images-1.medium.com/fit/c/267/80/1_4Tuy2sflhKdOt6ity_Eo_A.html]
[www.teslaevent.org/files/1_U3yrRtqWkn2cCwLnYCxN-w2.html]
[dropmusk.ug/files/style.css]
[dropmusk.ug/files/fav.png]
[ajax.googleapis.com/ajax/libs/jquery/3.3.1/jquery.min.js]
[cdnjs.cloudflare.com/ajax/libs/jquery-cookie/1.4.1/jquery.cookie.min.js]
[code.jquery.com/ui/1.11.4/jquery-ui.js]
[cdnjs.cloudflare.com/ajax/libs/popper.js/1.12.9/umd/popper.min.js]
[maxcdn.bootstrapcdn.com/bootstrap/4.0.0/js/bootstrap.min.js]
[dropmusk.ug/files/theme.min.css]
[dropmusk.ug/files/logo.png]
[dropmusk.ug/files/jdfghkjdfhgvsjkdfgcphjkfdhgjsdfg.js]
[dropmusk.ug/btc/index.html]
[dropmusk.ug/btc/tfdjglkjdfkjgnsdfgnjkdgndkjfx.js]
[dropmusk.ug/eth/index.html]
[dropmusk.ug/xrp/index.html]
[dropmusk.ug/suport@muskelon.html]
[dropmusk.ug/eth/tfdjglkjdfkjgnsdfgnjkdgndkjfx.js]
[dropmusk.ug/files/bg.jpg]
[dropmusk.ug/files/style.css]
[dropmusk.ug/btc/img/link.html]
[dropmusk.ug/files/theme.min.css]
[dropmusk.ug/files/loading.svg]
[dropmusk.ug/files/copy.svg]
[dropmusk.ug/files/done.svg]
[dropmusk.ug/files/btc.svg]
[dropmusk.ug/files/exchange-alt.svg]
[dropmusk.ug/eth/img/link.html]
[dropmusk.ug/files/eth.svg]
